2026-09-30 08:31:24,649 | INFO | Configuratie geladen, peildatum=2026-10-01
2026-09-30 08:31:24,649 | INFO | Logbestand: /Users/bramvanwersch/Projects/wmo_scraper/logs/run_20260930_083124.log
2026-09-30 08:31:24,649 | INFO | Stap 4 (ophalen) gestart
2026-09-30 08:31:25,183 | INFO |   200/5892 verwerkt (0 fouten tot nu toe)
2026-09-30 08:31:25,730 | INFO |   400/5892 verwerkt (0 fouten tot nu toe)
2026-09-30 08:31:27,399 | INFO |   600/5892 verwerkt (0 fouten tot nu toe)
2026-09-30 08:31:27,534 | INFO |   800/5892 verwerkt (0 fouten tot nu toe)
2026-09-30 08:31:27,672 | INFO |   1000/5892 verwerkt (0 fouten tot nu toe)
2026-09-30 08:31:27,805 | INFO |   1200/5892 verwerkt (0 fouten tot nu toe)
2026-09-30 08:31:27,935 | INFO |   1400/5892 verwerkt (0 fouten tot nu toe)
2026-09-30 08:31:28,050 | INFO |   1600/5892 verwerkt (0 fouten tot nu toe)
2026-09-30 08:31:28,490 | INFO |   1800/5892 verwerkt (0 fouten tot nu toe)
2026-09-30 08:31:28,627 | INFO |   2000/5892 verwerkt (0 fouten tot nu toe)
2026-09-30 08:31:29,509 | INFO |   2200/5892 verwerkt (0 fouten tot nu toe)
2026-09-30 08:31:29,636 | INFO |   2400/5892 verwerkt (0 fouten tot nu toe)
2026-09-30 08:31:30,580 | INFO |   2600/5892 verwerkt (0 fouten tot nu toe)
2026-09-30 08:31:30,714 | INFO |   2800/5892 verwerkt (0 fouten tot nu toe)
2026-09-30 08:31:30,862 | INFO |   3000/5892 verwerkt (0 fouten tot nu toe)
2026-09-30 08:31:32,429 | INFO |   3200/5892 verwerkt (0 fouten tot nu toe)
2026-09-30 08:31:32,566 | INFO |   3400/5892 verwerkt (0 fouten tot nu toe)
2026-09-30 08:31:32,699 | INFO |   3600/5892 verwerkt (0 fouten tot nu toe)
2026-09-30 08:31:33,484 | INFO |   3800/5892 verwerkt (0 fouten tot nu toe)
2026-09-30 08:31:34,747 | INFO |   4000/5892 verwerkt (0 fouten tot nu toe)
2026-09-30 08:31:34,870 | INFO |   4200/5892 verwerkt (0 fouten tot nu toe)
2026-09-30 08:31:35,012 | INFO |   4400/5892 verwerkt (0 fouten tot nu toe)
2026-09-30 08:31:35,144 | INFO |   4600/5892 verwerkt (0 fouten tot nu toe)
2026-09-30 08:31:35,289 | INFO |   4800/5892 verwerkt (0 fouten tot nu toe)
2026-09-30 08:31:35,545 | INFO |   5000/5892 verwerkt (0 fouten tot nu toe)
2026-09-30 08:31:36,711 | INFO |   5200/5892 verwerkt (0 fouten tot nu toe)
2026-09-30 08:31:36,831 | INFO |   5400/5892 verwerkt (0 fouten tot nu toe)
2026-09-30 08:31:36,967 | INFO |   5600/5892 verwerkt (0 fouten tot nu toe)
2026-09-30 08:31:37,096 | INFO |   5800/5892 verwerkt (0 fouten tot nu toe)
2026-09-30 08:31:37,167 | INFO | Ophalen klaar: 5892 documenten, 0 fouten (0.00%)
