2026-09-25 13:01:58,717 | INFO | Configuratie geladen, peildatum=2026-10-01
2026-09-25 13:01:58,717 | INFO | Logbestand: /Users/bramvanwersch/Projects/wmo_scraper/logs/run_20260925_130158.log
2026-09-25 13:01:58,717 | INFO | Stap 4 (ophalen) gestart
2026-09-25 13:01:59,125 | INFO |   200/5815 verwerkt (0 fouten tot nu toe)
2026-09-25 13:01:59,176 | INFO |   400/5815 verwerkt (1 fouten tot nu toe)
2026-09-25 13:01:59,233 | INFO |   600/5815 verwerkt (5 fouten tot nu toe)
2026-09-25 13:01:59,289 | INFO |   800/5815 verwerkt (5 fouten tot nu toe)
2026-09-25 13:01:59,347 | INFO |   1000/5815 verwerkt (9 fouten tot nu toe)
2026-09-25 13:01:59,406 | INFO |   1200/5815 verwerkt (10 fouten tot nu toe)
2026-09-25 13:01:59,467 | INFO |   1400/5815 verwerkt (11 fouten tot nu toe)
2026-09-25 13:04:49,252 | INFO |   1600/5815 verwerkt (13 fouten tot nu toe)
2026-09-25 13:09:21,352 | INFO |   1800/5815 verwerkt (17 fouten tot nu toe)
2026-09-25 13:13:51,763 | INFO |   2000/5815 verwerkt (17 fouten tot nu toe)
2026-09-25 13:18:43,103 | INFO |   2200/5815 verwerkt (17 fouten tot nu toe)
2026-09-25 13:23:28,078 | INFO |   2400/5815 verwerkt (17 fouten tot nu toe)
2026-09-25 13:28:21,619 | INFO |   2600/5815 verwerkt (19 fouten tot nu toe)
2026-09-25 13:33:15,723 | INFO |   2800/5815 verwerkt (19 fouten tot nu toe)
2026-09-25 13:38:04,885 | INFO |   3000/5815 verwerkt (19 fouten tot nu toe)
2026-09-25 13:43:45,767 | INFO |   3200/5815 verwerkt (20 fouten tot nu toe)
2026-09-25 13:48:36,456 | INFO |   3400/5815 verwerkt (20 fouten tot nu toe)
2026-09-25 13:53:16,070 | INFO |   3600/5815 verwerkt (20 fouten tot nu toe)
2026-09-25 13:58:01,267 | INFO |   3800/5815 verwerkt (20 fouten tot nu toe)
2026-09-25 14:02:58,967 | INFO |   4000/5815 verwerkt (20 fouten tot nu toe)
2026-09-25 14:07:51,044 | INFO |   4200/5815 verwerkt (21 fouten tot nu toe)
2026-09-25 14:12:24,584 | INFO |   4400/5815 verwerkt (21 fouten tot nu toe)
2026-09-25 14:17:45,898 | INFO |   4600/5815 verwerkt (22 fouten tot nu toe)
2026-09-25 14:22:35,191 | INFO |   4800/5815 verwerkt (24 fouten tot nu toe)
2026-09-25 14:27:20,718 | INFO |   5000/5815 verwerkt (24 fouten tot nu toe)
2026-09-25 14:32:47,869 | INFO |   5200/5815 verwerkt (25 fouten tot nu toe)
2026-09-25 14:38:02,984 | INFO |   5400/5815 verwerkt (25 fouten tot nu toe)
2026-09-25 14:43:01,738 | INFO |   5600/5815 verwerkt (25 fouten tot nu toe)
2026-09-25 14:47:45,962 | INFO |   5800/5815 verwerkt (25 fouten tot nu toe)
2026-09-25 14:48:08,109 | INFO | Ophalen klaar: 5815 documenten, 25 fouten (0.43%)
