2026-09-25 14:51:02,522 | INFO | Configuratie geladen, peildatum=2026-10-01
2026-09-25 14:51:02,522 | INFO | Logbestand: /Users/bramvanwersch/Projects/wmo_scraper/logs/run_20260925_145102.log
2026-09-25 14:51:02,522 | INFO | Stap 4 (ophalen) gestart
2026-09-25 14:51:02,996 | INFO |   200/5823 verwerkt (0 fouten tot nu toe)
2026-09-25 14:51:03,104 | INFO |   400/5823 verwerkt (0 fouten tot nu toe)
2026-09-25 14:51:03,247 | INFO |   600/5823 verwerkt (0 fouten tot nu toe)
2026-09-25 14:51:03,374 | INFO |   800/5823 verwerkt (0 fouten tot nu toe)
2026-09-25 14:51:03,528 | INFO |   1000/5823 verwerkt (0 fouten tot nu toe)
2026-09-25 14:51:03,663 | INFO |   1200/5823 verwerkt (0 fouten tot nu toe)
2026-09-25 14:51:06,920 | INFO |   1400/5823 verwerkt (0 fouten tot nu toe)
2026-09-25 14:51:07,044 | INFO |   1600/5823 verwerkt (0 fouten tot nu toe)
2026-09-25 14:51:07,166 | INFO |   1800/5823 verwerkt (0 fouten tot nu toe)
2026-09-25 14:51:07,294 | INFO |   2000/5823 verwerkt (0 fouten tot nu toe)
2026-09-25 14:51:07,442 | INFO |   2200/5823 verwerkt (0 fouten tot nu toe)
2026-09-25 14:51:09,040 | INFO |   2400/5823 verwerkt (0 fouten tot nu toe)
2026-09-25 14:51:09,166 | INFO |   2600/5823 verwerkt (0 fouten tot nu toe)
2026-09-25 14:51:11,894 | INFO |   2800/5823 verwerkt (0 fouten tot nu toe)
2026-09-25 14:51:12,061 | INFO |   3000/5823 verwerkt (0 fouten tot nu toe)
2026-09-25 14:51:12,182 | INFO |   3200/5823 verwerkt (0 fouten tot nu toe)
2026-09-25 14:51:14,023 | INFO |   3400/5823 verwerkt (0 fouten tot nu toe)
2026-09-25 14:51:14,163 | INFO |   3600/5823 verwerkt (0 fouten tot nu toe)
2026-09-25 14:51:15,035 | INFO |   3800/5823 verwerkt (0 fouten tot nu toe)
2026-09-25 14:51:16,045 | INFO |   4000/5823 verwerkt (0 fouten tot nu toe)
2026-09-25 14:51:18,632 | INFO |   4200/5823 verwerkt (0 fouten tot nu toe)
2026-09-25 14:51:20,913 | INFO |   4400/5823 verwerkt (0 fouten tot nu toe)
2026-09-25 14:51:21,042 | INFO |   4600/5823 verwerkt (0 fouten tot nu toe)
2026-09-25 14:51:21,177 | INFO |   4800/5823 verwerkt (0 fouten tot nu toe)
2026-09-25 14:51:21,575 | INFO |   5000/5823 verwerkt (0 fouten tot nu toe)
2026-09-25 14:51:23,764 | INFO |   5200/5823 verwerkt (0 fouten tot nu toe)
2026-09-25 14:51:29,666 | INFO |   5400/5823 verwerkt (0 fouten tot nu toe)
2026-09-25 14:51:31,587 | INFO |   5600/5823 verwerkt (0 fouten tot nu toe)
2026-09-25 14:51:31,713 | INFO |   5800/5823 verwerkt (0 fouten tot nu toe)
2026-09-25 14:51:31,760 | INFO | Ophalen klaar: 5823 documenten, 0 fouten (0.00%)
