2026-09-30 09:17:30,058 | INFO | Configuratie geladen, peildatum=2026-10-01
2026-09-30 09:17:30,058 | INFO | Logbestand: /Users/bramvanwersch/Projects/wmo_scraper/logs/run_20260930_091730.log
2026-09-30 09:17:30,059 | INFO | Stap 4 (ophalen) gestart
2026-09-30 09:17:45,641 | INFO |   200/6513 verwerkt (0 fouten tot nu toe)
2026-09-30 09:18:01,692 | INFO |   400/6513 verwerkt (0 fouten tot nu toe)
2026-09-30 09:18:20,834 | INFO |   600/6513 verwerkt (0 fouten tot nu toe)
2026-09-30 09:18:37,178 | INFO |   800/6513 verwerkt (0 fouten tot nu toe)
2026-09-30 09:18:52,780 | INFO |   1000/6513 verwerkt (0 fouten tot nu toe)
2026-09-30 09:19:16,973 | INFO |   1200/6513 verwerkt (0 fouten tot nu toe)
2026-09-30 09:19:41,121 | INFO |   1400/6513 verwerkt (0 fouten tot nu toe)
2026-09-30 09:20:04,229 | INFO |   1600/6513 verwerkt (0 fouten tot nu toe)
2026-09-30 09:20:22,773 | INFO |   1800/6513 verwerkt (0 fouten tot nu toe)
2026-09-30 09:20:38,803 | INFO |   2000/6513 verwerkt (0 fouten tot nu toe)
2026-09-30 09:21:08,099 | INFO |   2200/6513 verwerkt (0 fouten tot nu toe)
2026-09-30 09:21:28,205 | INFO |   2400/6513 verwerkt (0 fouten tot nu toe)
2026-09-30 09:21:52,325 | INFO |   2600/6513 verwerkt (0 fouten tot nu toe)
2026-09-30 09:22:23,577 | INFO |   2800/6513 verwerkt (0 fouten tot nu toe)
2026-09-30 09:22:38,705 | INFO |   3000/6513 verwerkt (0 fouten tot nu toe)
2026-09-30 09:23:04,950 | INFO |   3200/6513 verwerkt (0 fouten tot nu toe)
2026-09-30 09:23:31,240 | INFO |   3400/6513 verwerkt (0 fouten tot nu toe)
2026-09-30 09:23:38,261 | INFO |   3600/6513 verwerkt (0 fouten tot nu toe)
2026-09-30 09:23:56,398 | INFO |   3800/6513 verwerkt (0 fouten tot nu toe)
2026-09-30 09:24:06,514 | INFO |   4000/6513 verwerkt (0 fouten tot nu toe)
2026-09-30 09:24:16,596 | INFO |   4200/6513 verwerkt (0 fouten tot nu toe)
2026-09-30 09:24:38,800 | INFO |   4400/6513 verwerkt (0 fouten tot nu toe)
2026-09-30 09:24:56,967 | INFO |   4600/6513 verwerkt (0 fouten tot nu toe)
2026-09-30 09:25:21,205 | INFO |   4800/6513 verwerkt (0 fouten tot nu toe)
2026-09-30 09:25:39,397 | INFO |   5000/6513 verwerkt (0 fouten tot nu toe)
2026-09-30 09:26:02,579 | INFO |   5200/6513 verwerkt (0 fouten tot nu toe)
2026-09-30 09:26:30,863 | INFO |   5400/6513 verwerkt (0 fouten tot nu toe)
2026-09-30 09:26:51,080 | INFO |   5600/6513 verwerkt (0 fouten tot nu toe)
2026-09-30 09:27:06,153 | INFO |   5800/6513 verwerkt (0 fouten tot nu toe)
2026-09-30 09:27:24,371 | INFO |   6000/6513 verwerkt (0 fouten tot nu toe)
2026-09-30 09:27:35,452 | INFO |   6200/6513 verwerkt (0 fouten tot nu toe)
2026-09-30 09:27:49,587 | INFO |   6400/6513 verwerkt (0 fouten tot nu toe)
2026-09-30 09:27:56,748 | INFO | Ophalen klaar: 6513 documenten, 0 fouten (0.00%)
