2026-09-25 10:39:52,869 | INFO | Configuratie geladen, peildatum=2026-10-01
2026-09-25 10:39:52,869 | INFO | Logbestand: /Users/bramvanwersch/Desktop/wmo_scraper/logs/run_20260925_103952.log
2026-09-25 10:39:52,869 | INFO | Inventaris gestart voor 342 gemeente(n)
2026-09-25 10:43:55,231 | INFO | Inventaris klaar: 87034 regelingen over 342 gemeente(n)
2026-09-25 10:43:55,237 | INFO |   GM1680: 198 regelingen
2026-09-25 10:43:55,238 | INFO |   GM0358: 307 regelingen
2026-09-25 10:43:55,238 | INFO |   GM0197: 178 regelingen
2026-09-25 10:43:55,238 | INFO |   GM0059: 189 regelingen
2026-09-25 10:43:55,238 | INFO |   GM0482: 176 regelingen
2026-09-25 10:43:55,238 | INFO |   GM0613: 224 regelingen
2026-09-25 10:43:55,238 | INFO |   GM0361: 477 regelingen
2026-09-25 10:43:55,238 | INFO |   GM0141: 322 regelingen
2026-09-25 10:43:55,238 | INFO |   GM0034: 349 regelingen
2026-09-25 10:43:55,238 | INFO |   GM0484: 368 regelingen
2026-09-25 10:43:55,238 | INFO |   GM1723: 215 regelingen
2026-09-25 10:43:55,238 | INFO |   GM1959: 303 regelingen
2026-09-25 10:43:55,238 | INFO |   GM0060: 190 regelingen
2026-09-25 10:43:55,238 | INFO |   GM0307: 422 regelingen
2026-09-25 10:43:55,238 | INFO |   GM0362: 386 regelingen
2026-09-25 10:43:55,238 | INFO |   GM0363: 1022 regelingen
2026-09-25 10:43:55,238 | INFO |   GM0200: 243 regelingen
2026-09-25 10:43:55,238 | INFO |   GM0202: 441 regelingen
2026-09-25 10:43:55,238 | INFO |   GM0106: 286 regelingen
2026-09-25 10:43:55,238 | INFO |   GM0743: 225 regelingen
2026-09-25 10:43:55,238 | INFO |   GM0744: 142 regelingen
2026-09-25 10:43:55,238 | INFO |   GM0308: 221 regelingen
2026-09-25 10:43:55,238 | INFO |   GM0489: 340 regelingen
2026-09-25 10:43:55,238 | INFO |   GM0203: 204 regelingen
2026-09-25 10:43:55,238 | INFO |   GM0888: 212 regelingen
2026-09-25 10:43:55,238 | INFO |   GM1954: 185 regelingen
2026-09-25 10:43:55,238 | INFO |   GM0889: 189 regelingen
2026-09-25 10:43:55,238 | INFO |   GM1945: 261 regelingen
2026-09-25 10:43:55,238 | INFO |   GM1724: 352 regelingen
2026-09-25 10:43:55,238 | INFO |   GM0893: 222 regelingen
2026-09-25 10:43:55,238 | INFO |   GM0373: 225 regelingen
2026-09-25 10:43:55,238 | INFO |   GM0748: 279 regelingen
2026-09-25 10:43:55,238 | INFO |   GM1859: 256 regelingen
2026-09-25 10:43:55,238 | INFO |   GM1721: 149 regelingen
2026-09-25 10:43:55,238 | INFO |   GM0753: 278 regelingen
2026-09-25 10:43:55,238 | INFO |   GM0209: 224 regelingen
2026-09-25 10:43:55,238 | INFO |   GM0375: 201 regelingen
2026-09-25 10:43:55,238 | INFO |   GM0310: 207 regelingen
2026-09-25 10:43:55,238 | INFO |   GM1728: 227 regelingen
2026-09-25 10:43:55,238 | INFO |   GM0376: 216 regelingen
2026-09-25 10:43:55,238 | INFO |   GM0377: 294 regelingen
2026-09-25 10:43:55,238 | INFO |   GM1901: 193 regelingen
2026-09-25 10:43:55,238 | INFO |   GM0755: 161 regelingen
2026-09-25 10:43:55,238 | INFO |   GM1681: 265 regelingen
2026-09-25 10:43:55,238 | INFO |   GM0147: 195 regelingen
2026-09-25 10:43:55,238 | INFO |   GM0654: 241 regelingen
2026-09-25 10:43:55,238 | INFO |   GM0757: 210 regelingen
2026-09-25 10:43:55,238 | INFO |   GM0758: 369 regelingen
2026-09-25 10:43:55,238 | INFO |   GM1876: 244 regelingen
2026-09-25 10:43:55,238 | INFO |   GM0213: 236 regelingen
2026-09-25 10:43:55,238 | INFO |   GM0899: 273 regelingen
2026-09-25 10:43:55,238 | INFO |   GM0312: 173 regelingen
2026-09-25 10:43:55,238 | INFO |   GM0313: 239 regelingen
2026-09-25 10:43:55,238 | INFO |   GM0214: 194 regelingen
2026-09-25 10:43:55,238 | INFO |   GM0502: 349 regelingen
2026-09-25 10:43:55,238 | INFO |   GM0383: 182 regelingen
2026-09-25 10:43:55,238 | INFO |   GM0109: 252 regelingen
2026-09-25 10:43:55,238 | INFO |   GM1706: 191 regelingen
2026-09-25 10:43:55,238 | INFO |   GM0216: 178 regelingen
2026-09-25 10:43:55,239 | INFO |   GM0148: 246 regelingen
2026-09-25 10:43:55,239 | INFO |   GM1891: 177 regelingen
2026-09-25 10:43:55,239 | INFO |   GM0503: 309 regelingen
2026-09-25 10:43:55,239 | INFO |   GM0762: 209 regelingen
2026-09-25 10:43:55,239 | INFO |   GM0150: 365 regelingen
2026-09-25 10:43:55,239 | INFO |   GM0384: 258 regelingen
2026-09-25 10:43:55,239 | INFO |   GM1980: 244 regelingen
2026-09-25 10:43:55,239 | INFO |   GM1774: 311 regelingen
2026-09-25 10:43:55,239 | INFO |   GM0221: 187 regelingen
2026-09-25 10:43:55,239 | INFO |   GM0222: 189 regelingen
2026-09-25 10:43:55,239 | INFO |   GM0766: 245 regelingen
2026-09-25 10:43:55,239 | INFO |   GM0505: 282 regelingen
2026-09-25 10:43:55,239 | INFO |   GM0498: 217 regelingen
2026-09-25 10:43:55,239 | INFO |   GM1719: 140 regelingen
2026-09-25 10:43:55,239 | INFO |   GM0303: 256 regelingen
2026-09-25 10:43:55,239 | INFO |   GM0225: 164 regelingen
2026-09-25 10:43:55,239 | INFO |   GM0226: 224 regelingen
2026-09-25 10:43:55,239 | INFO |   GM1711: 292 regelingen
2026-09-25 10:43:55,239 | INFO |   GM0385: 170 regelingen
2026-09-25 10:43:55,239 | INFO |   GM0228: 323 regelingen
2026-09-25 10:43:55,239 | INFO |   GM0317: 237 regelingen
2026-09-25 10:43:55,239 | INFO |   GM1979: 221 regelingen
2026-09-25 10:43:55,239 | INFO |   GM0770: 238 regelingen
2026-09-25 10:43:55,239 | INFO |   GM1903: 175 regelingen
2026-09-25 10:43:55,239 | INFO |   GM0772: 505 regelingen
2026-09-25 10:43:55,239 | INFO |   GM0230: 192 regelingen
2026-09-25 10:43:55,239 | INFO |   GM0114: 241 regelingen
2026-09-25 10:43:55,239 | INFO |   GM0388: 221 regelingen
2026-09-25 10:43:55,239 | INFO |   GM0153: 342 regelingen
2026-09-25 10:43:55,239 | INFO |   GM0232: 185 regelingen
2026-09-25 10:43:55,239 | INFO |   GM0233: 231 regelingen
2026-09-25 10:43:55,239 | INFO |   GM0777: 268 regelingen
2026-09-25 10:43:55,239 | INFO |   GM1940: 311 regelingen
2026-09-25 10:43:55,239 | INFO |   GM0779: 258 regelingen
2026-09-25 10:43:55,239 | INFO |   GM1771: 303 regelingen
2026-09-25 10:43:55,239 | INFO |   GM1652: 205 regelingen
2026-09-25 10:43:55,239 | INFO |   GM0907: 271 regelingen
2026-09-25 10:43:55,239 | INFO |   GM0784: 167 regelingen
2026-09-25 10:43:55,239 | INFO |   GM1924: 284 regelingen
2026-09-25 10:43:55,239 | INFO |   GM0664: 211 regelingen
2026-09-25 10:43:55,239 | INFO |   GM0785: 159 regelingen
2026-09-25 10:43:55,239 | INFO |   GM1942: 255 regelingen
2026-09-25 10:43:55,239 | INFO |   GM0512: 322 regelingen
2026-09-25 10:43:55,239 | INFO |   GM0513: 338 regelingen
2026-09-25 10:43:55,239 | INFO |   GM0518: 578 regelingen
2026-09-25 10:43:55,239 | INFO |   GM0014: 418 regelingen
2026-09-25 10:43:55,239 | INFO |   GM1729: 209 regelingen
2026-09-25 10:43:55,239 | INFO |   GM0158: 236 regelingen
2026-09-25 10:43:55,239 | INFO |   GM0392: 367 regelingen
2026-09-25 10:43:55,239 | INFO |   GM0394: 409 regelingen
2026-09-25 10:43:55,239 | INFO |   GM1655: 177 regelingen
2026-09-25 10:43:55,239 | INFO |   GM0160: 288 regelingen
2026-09-25 10:43:55,239 | INFO |   GM0243: 255 regelingen
2026-09-25 10:43:55,239 | INFO |   GM0523: 199 regelingen
2026-09-25 10:43:55,239 | INFO |   GM0072: 222 regelingen
2026-09-25 10:43:55,239 | INFO |   GM0244: 181 regelingen
2026-09-25 10:43:55,239 | INFO |   GM0396: 227 regelingen
2026-09-25 10:43:55,239 | INFO |   GM0397: 281 regelingen
2026-09-25 10:43:55,239 | INFO |   GM0246: 205 regelingen
2026-09-25 10:43:55,239 | INFO |   GM0074: 297 regelingen
2026-09-25 10:43:55,239 | INFO |   GM0917: 414 regelingen
2026-09-25 10:43:55,239 | INFO |   GM1658: 179 regelingen
2026-09-25 10:43:55,239 | INFO |   GM0399: 180 regelingen
2026-09-25 10:43:55,239 | INFO |   GM0400: 227 regelingen
2026-09-25 10:43:55,240 | INFO |   GM0163: 172 regelingen
2026-09-25 10:43:55,240 | INFO |   GM0794: 412 regelingen
2026-09-25 10:43:55,240 | INFO |   GM0531: 172 regelingen
2026-09-25 10:43:55,240 | INFO |   GM0164: 467 regelingen
2026-09-25 10:43:55,240 | INFO |   GM0796: 347 regelingen
2026-09-25 10:43:55,240 | INFO |   GM0252: 206 regelingen
2026-09-25 10:43:55,240 | INFO |   GM0797: 348 regelingen
2026-09-25 10:43:55,240 | INFO |   GM0534: 192 regelingen
2026-09-25 10:43:55,240 | INFO |   GM0798: 163 regelingen
2026-09-25 10:43:55,240 | INFO |   GM0402: 378 regelingen
2026-09-25 10:43:55,240 | INFO |   GM1963: 305 regelingen
2026-09-25 10:43:55,240 | INFO |   GM1735: 291 regelingen
2026-09-25 10:43:55,240 | INFO |   GM1966: 212 regelingen
2026-09-25 10:43:55,240 | INFO |   GM1911: 231 regelingen
2026-09-25 10:43:55,240 | INFO |   GM0118: 252 regelingen
2026-09-25 10:43:55,240 | INFO |   GM0405: 318 regelingen
2026-09-25 10:43:55,240 | INFO |   GM1507: 234 regelingen
2026-09-25 10:43:55,240 | INFO |   GM0321: 255 regelingen
2026-09-25 10:43:55,240 | INFO |   GM0406: 169 regelingen
2026-09-25 10:43:55,240 | INFO |   GM0677: 257 regelingen
2026-09-25 10:43:55,240 | INFO |   GM0353: 183 regelingen
2026-09-25 10:43:55,240 | INFO |   GM1884: 238 regelingen
2026-09-25 10:43:55,240 | INFO |   GM0166: 349 regelingen
2026-09-25 10:43:55,240 | INFO |   GM0678: 203 regelingen
2026-09-25 10:43:55,240 | INFO |   GM0537: 275 regelingen
2026-09-25 10:43:55,240 | INFO |   GM0928: 279 regelingen
2026-09-25 10:43:55,240 | INFO |   GM1598: 146 regelingen
2026-09-25 10:43:55,240 | INFO |   GM0542: 254 regelingen
2026-09-25 10:43:55,240 | INFO |   GM1931: 279 regelingen
2026-09-25 10:43:55,240 | INFO |   GM1659: 211 regelingen
2026-09-25 10:43:55,240 | INFO |   GM1982: 275 regelingen
2026-09-25 10:43:55,240 | INFO |   GM0882: 189 regelingen
2026-09-25 10:43:55,240 | INFO |   GM0415: 190 regelingen
2026-09-25 10:43:55,240 | INFO |   GM1621: 237 regelingen
2026-09-25 10:43:55,240 | INFO |   GM0417: 238 regelingen
2026-09-25 10:43:55,240 | INFO |   GM0080: 372 regelingen
2026-09-25 10:43:55,240 | INFO |   GM0546: 377 regelingen
2026-09-25 10:43:55,240 | INFO |   GM0547: 275 regelingen
2026-09-25 10:43:55,240 | INFO |   GM1916: 240 regelingen
2026-09-25 10:43:55,240 | INFO |   GM0995: 234 regelingen
2026-09-25 10:43:55,240 | INFO |   GM1640: 301 regelingen
2026-09-25 10:43:55,240 | INFO |   GM0327: 213 regelingen
2026-09-25 10:43:55,240 | INFO |   GM1705: 322 regelingen
2026-09-25 10:43:55,240 | INFO |   GM0553: 224 regelingen
2026-09-25 10:43:55,240 | INFO |   GM0262: 158 regelingen
2026-09-25 10:43:55,240 | INFO |   GM0809: 217 regelingen
2026-09-25 10:43:55,240 | INFO |   GM0331: 184 regelingen
2026-09-25 10:43:55,240 | INFO |   GM0168: 174 regelingen
2026-09-25 10:43:55,240 | INFO |   GM0263: 187 regelingen
2026-09-25 10:43:55,240 | INFO |   GM1641: 248 regelingen
2026-09-25 10:43:55,240 | INFO |   GM1991: 235 regelingen
2026-09-25 10:43:55,240 | INFO |   GM0556: 297 regelingen
2026-09-25 10:43:55,240 | INFO |   GM0935: 489 regelingen
2026-09-25 10:43:55,240 | INFO |   GM0420: 257 regelingen
2026-09-25 10:43:55,240 | INFO |   GM0938: 256 regelingen
2026-09-25 10:43:55,240 | INFO |   GM1948: 223 regelingen
2026-09-25 10:43:55,240 | INFO |   GM0119: 254 regelingen
2026-09-25 10:43:55,240 | INFO |   GM0687: 278 regelingen
2026-09-25 10:43:55,240 | INFO |   GM1842: 282 regelingen
2026-09-25 10:43:55,240 | INFO |   GM1731: 180 regelingen
2026-09-25 10:43:55,240 | INFO |   GM1952: 344 regelingen
2026-09-25 10:43:55,240 | INFO |   GM1709: 349 regelingen
2026-09-25 10:43:55,240 | INFO |   GM1978: 252 regelingen
2026-09-25 10:43:55,240 | INFO |   GM1955: 184 regelingen
2026-09-25 10:43:55,240 | INFO |   GM0335: 182 regelingen
2026-09-25 10:43:55,240 | INFO |   GM0944: 163 regelingen
2026-09-25 10:43:55,240 | INFO |   GM1740: 254 regelingen
2026-09-25 10:43:55,240 | INFO |   GM0946: 254 regelingen
2026-09-25 10:43:55,240 | INFO |   GM0356: 253 regelingen
2026-09-25 10:43:55,240 | INFO |   GM0569: 231 regelingen
2026-09-25 10:43:55,241 | INFO |   GM0267: 224 regelingen
2026-09-25 10:43:55,241 | INFO |   GM0268: 377 regelingen
2026-09-25 10:43:55,241 | INFO |   GM1930: 269 regelingen
2026-09-25 10:43:55,241 | INFO |   GM1970: 164 regelingen
2026-09-25 10:43:55,241 | INFO |   GM1695: 168 regelingen
2026-09-25 10:43:55,241 | INFO |   GM1699: 178 regelingen
2026-09-25 10:43:55,241 | INFO |   GM0171: 314 regelingen
2026-09-25 10:43:55,241 | INFO |   GM0575: 308 regelingen
2026-09-25 10:43:55,241 | INFO |   GM0820: 235 regelingen
2026-09-25 10:43:55,241 | INFO |   GM0302: 240 regelingen
2026-09-25 10:43:55,241 | INFO |   GM0579: 262 regelingen
2026-09-25 10:43:55,241 | INFO |   GM0823: 258 regelingen
2026-09-25 10:43:55,241 | INFO |   GM0824: 293 regelingen
2026-09-25 10:43:55,241 | INFO |   GM1895: 425 regelingen
2026-09-25 10:43:55,241 | INFO |   GM0269: 249 regelingen
2026-09-25 10:43:55,241 | INFO |   GM0173: 254 regelingen
2026-09-25 10:43:55,241 | INFO |   GM1773: 181 regelingen
2026-09-25 10:43:55,241 | INFO |   GM0175: 176 regelingen
2026-09-25 10:43:55,241 | INFO |   GM1586: 189 regelingen
2026-09-25 10:43:55,241 | INFO |   GM0826: 295 regelingen
2026-09-25 10:43:55,241 | INFO |   GM0085: 186 regelingen
2026-09-25 10:43:55,241 | INFO |   GM0431: 198 regelingen
2026-09-25 10:43:55,241 | INFO |   GM0432: 149 regelingen
2026-09-25 10:43:55,241 | INFO |   GM0086: 205 regelingen
2026-09-25 10:43:55,241 | INFO |   GM0828: 228 regelingen
2026-09-25 10:43:55,241 | INFO |   GM1509: 222 regelingen
2026-09-25 10:43:55,241 | INFO |   GM0437: 189 regelingen
2026-09-25 10:43:55,241 | INFO |   GM0589: 172 regelingen
2026-09-25 10:43:55,241 | INFO |   GM1734: 234 regelingen
2026-09-25 10:43:55,241 | INFO |   GM0590: 285 regelingen
2026-09-25 10:43:55,241 | INFO |   GM1894: 248 regelingen
2026-09-25 10:43:55,241 | INFO |   GM0765: 166 regelingen
2026-09-25 10:43:55,241 | INFO |   GM1926: 253 regelingen
2026-09-25 10:43:55,241 | INFO |   GM0439: 383 regelingen
2026-09-25 10:43:55,241 | INFO |   GM0273: 247 regelingen
2026-09-25 10:43:55,241 | INFO |   GM0177: 276 regelingen
2026-09-25 10:43:55,241 | INFO |   GM0703: 205 regelingen
2026-09-25 10:43:55,241 | INFO |   GM0274: 194 regelingen
2026-09-25 10:43:55,241 | INFO |   GM0339: 158 regelingen
2026-09-25 10:43:55,241 | INFO |   GM1667: 184 regelingen
2026-09-25 10:43:55,241 | INFO |   GM0275: 266 regelingen
2026-09-25 10:43:55,241 | INFO |   GM0340: 271 regelingen
2026-09-25 10:43:55,241 | INFO |   GM0597: 317 regelingen
2026-09-25 10:43:55,241 | INFO |   GM1742: 271 regelingen
2026-09-25 10:43:55,241 | INFO |   GM0603: 316 regelingen
2026-09-25 10:43:55,241 | INFO |   GM1669: 217 regelingen
2026-09-25 10:43:55,241 | INFO |   GM0957: 316 regelingen
2026-09-25 10:43:55,241 | INFO |   GM0736: 326 regelingen
2026-09-25 10:43:55,241 | INFO |   GM1674: 510 regelingen
2026-09-25 10:43:55,241 | INFO |   GM0599: 1081 regelingen
2026-09-25 10:43:55,241 | INFO |   GM0277: 101 regelingen
2026-09-25 10:43:55,241 | INFO |   GM0840: 163 regelingen
2026-09-25 10:43:55,241 | INFO |   GM0441: 198 regelingen
2026-09-25 10:43:55,241 | INFO |   GM0279: 154 regelingen
2026-09-25 10:43:55,241 | INFO |   GM0606: 330 regelingen
2026-09-25 10:43:55,241 | INFO |   GM0088: 110 regelingen
2026-09-25 10:43:55,241 | INFO |   GM1676: 283 regelingen
2026-09-25 10:43:55,241 | INFO |   GM0965: 132 regelingen
2026-09-25 10:43:55,241 | INFO |   GM0845: 214 regelingen
2026-09-25 10:43:55,241 | INFO |   GM1883: 374 regelingen
2026-09-25 10:43:55,241 | INFO |   GM0610: 157 regelingen
2026-09-25 10:43:55,241 | INFO |   GM1714: 176 regelingen
2026-09-25 10:43:55,241 | INFO |   GM0090: 230 regelingen
2026-09-25 10:43:55,241 | INFO |   GM0342: 254 regelingen
2026-09-25 10:43:55,241 | INFO |   GM0847: 198 regelingen
2026-09-25 10:43:55,241 | INFO |   GM0848: 180 regelingen
2026-09-25 10:43:55,241 | INFO |   GM0037: 197 regelingen
2026-09-25 10:43:55,241 | INFO |   GM0180: 188 regelingen
2026-09-25 10:43:55,241 | INFO |   GM0532: 169 regelingen
2026-09-25 10:43:55,241 | INFO |   GM0851: 282 regelingen
2026-09-25 10:43:55,241 | INFO |   GM1708: 319 regelingen
2026-09-25 10:43:55,242 | INFO |   GM0971: 168 regelingen
2026-09-25 10:43:55,242 | INFO |   GM1904: 354 regelingen
2026-09-25 10:43:55,242 | INFO |   GM1900: 257 regelingen
2026-09-25 10:43:55,242 | INFO |   GM0715: 316 regelingen
2026-09-25 10:43:55,242 | INFO |   GM0093: 246 regelingen
2026-09-25 10:43:55,242 | INFO |   GM0448: 167 regelingen
2026-09-25 10:43:55,242 | INFO |   GM1525: 221 regelingen
2026-09-25 10:43:55,242 | INFO |   GM0716: 222 regelingen
2026-09-25 10:43:55,242 | INFO |   GM0281: 282 regelingen
2026-09-25 10:43:55,242 | INFO |   GM0855: 342 regelingen
2026-09-25 10:43:55,242 | INFO |   GM0183: 307 regelingen
2026-09-25 10:43:55,242 | INFO |   GM1700: 202 regelingen
2026-09-25 10:43:55,242 | INFO |   GM1730: 190 regelingen
2026-09-25 10:43:55,242 | INFO |   GM0737: 203 regelingen
2026-09-25 10:43:55,242 | INFO |   GM0450: 186 regelingen
2026-09-25 10:43:55,242 | INFO |   GM0451: 275 regelingen
2026-09-25 10:43:55,242 | INFO |   GM0184: 259 regelingen
2026-09-25 10:43:55,242 | INFO |   GM0344: 468 regelingen
2026-09-25 10:43:55,242 | INFO |   GM1581: 201 regelingen
2026-09-25 10:43:55,242 | INFO |   GM0981: 177 regelingen
2026-09-25 10:43:55,242 | INFO |   GM0994: 214 regelingen
2026-09-25 10:43:55,242 | INFO |   GM0858: 228 regelingen
2026-09-25 10:43:55,242 | INFO |   GM0047: 186 regelingen
2026-09-25 10:43:55,242 | INFO |   GM0345: 412 regelingen
2026-09-25 10:43:55,242 | INFO |   GM0717: 240 regelingen
2026-09-25 10:43:55,242 | INFO |   GM0861: 211 regelingen
2026-09-25 10:43:55,242 | INFO |   GM0453: 401 regelingen
2026-09-25 10:43:55,242 | INFO |   GM0983: 296 regelingen
2026-09-25 10:43:55,242 | INFO |   GM0984: 215 regelingen
2026-09-25 10:43:55,242 | INFO |   GM1961: 304 regelingen
2026-09-25 10:43:55,242 | INFO |   GM0622: 422 regelingen
2026-09-25 10:43:55,242 | INFO |   GM0096: 161 regelingen
2026-09-25 10:43:55,242 | INFO |   GM0718: 266 regelingen
2026-09-25 10:43:55,242 | INFO |   GM0986: 157 regelingen
2026-09-25 10:43:55,242 | INFO |   GM1992: 188 regelingen
2026-09-25 10:43:55,242 | INFO |   GM0626: 220 regelingen
2026-09-25 10:43:55,242 | INFO |   GM0285: 202 regelingen
2026-09-25 10:43:55,242 | INFO |   GM0865: 189 regelingen
2026-09-25 10:43:55,242 | INFO |   GM1949: 220 regelingen
2026-09-25 10:43:55,242 | INFO |   GM0866: 195 regelingen
2026-09-25 10:43:55,242 | INFO |   GM0867: 304 regelingen
2026-09-25 10:43:55,242 | INFO |   GM0627: 259 regelingen
2026-09-25 10:43:55,242 | INFO |   GM0289: 262 regelingen
2026-09-25 10:43:55,242 | INFO |   GM0629: 242 regelingen
2026-09-25 10:43:55,242 | INFO |   GM0852: 192 regelingen
2026-09-25 10:43:55,242 | INFO |   GM0988: 347 regelingen
2026-09-25 10:43:55,242 | INFO |   GM1960: 237 regelingen
2026-09-25 10:43:55,242 | INFO |   GM0668: 147 regelingen
2026-09-25 10:43:55,242 | INFO |   GM1969: 213 regelingen
2026-09-25 10:43:55,242 | INFO |   GM1701: 206 regelingen
2026-09-25 10:43:55,242 | INFO |   GM0293: 214 regelingen
2026-09-25 10:43:55,242 | INFO |   GM1950: 210 regelingen
2026-09-25 10:43:55,242 | INFO |   GM1783: 403 regelingen
2026-09-25 10:43:55,242 | INFO |   GM0098: 286 regelingen
2026-09-25 10:43:55,242 | INFO |   GM0189: 216 regelingen
2026-09-25 10:43:55,242 | INFO |   GM0296: 207 regelingen
2026-09-25 10:43:55,242 | INFO |   GM1696: 140 regelingen
2026-09-25 10:43:55,242 | INFO |   GM0352: 260 regelingen
2026-09-25 10:43:55,242 | INFO |   GM0294: 240 regelingen
2026-09-25 10:43:55,242 | INFO |   GM0873: 212 regelingen
2026-09-25 10:43:55,242 | INFO |   GM0632: 244 regelingen
2026-09-25 10:43:55,242 | INFO |   GM1690: 230 regelingen
2026-09-25 10:43:55,242 | INFO |   GM0880: 224 regelingen
2026-09-25 10:43:55,242 | INFO |   GM0351: 137 regelingen
2026-09-25 10:43:55,242 | INFO |   GM0479: 558 regelingen
2026-09-25 10:43:55,242 | INFO |   GM0297: 204 regelingen
2026-09-25 10:43:55,242 | INFO |   GM0473: 279 regelingen
2026-09-25 10:43:55,242 | INFO |   GM0050: 253 regelingen
2026-09-25 10:43:55,243 | INFO |   GM0355: 241 regelingen
2026-09-25 10:43:55,243 | INFO |   GM0299: 322 regelingen
2026-09-25 10:43:55,243 | INFO |   GM0637: 322 regelingen
2026-09-25 10:43:55,243 | INFO |   GM0638: 205 regelingen
2026-09-25 10:43:55,243 | INFO |   GM1892: 198 regelingen
2026-09-25 10:43:55,243 | INFO |   GM0879: 214 regelingen
2026-09-25 10:43:55,243 | INFO |   GM0301: 236 regelingen
2026-09-25 10:43:55,243 | INFO |   GM1896: 186 regelingen
2026-09-25 10:43:55,243 | INFO |   GM0642: 227 regelingen
2026-09-25 10:43:55,243 | INFO |   GM0193: 329 regelingen
