2026-09-25 14:49:07,271 | INFO | Configuratie geladen, peildatum=2026-10-01
2026-09-25 14:49:07,271 | INFO | Logbestand: /Users/bramvanwersch/Projects/wmo_scraper/logs/run_20260925_144907.log
2026-09-25 14:49:07,271 | INFO | Stap 4 (ophalen) gestart
2026-09-25 14:49:07,793 | INFO |   200/5815 verwerkt (0 fouten tot nu toe)
2026-09-25 14:49:07,906 | INFO |   400/5815 verwerkt (0 fouten tot nu toe)
2026-09-25 14:49:08,046 | INFO |   600/5815 verwerkt (0 fouten tot nu toe)
2026-09-25 14:49:08,174 | INFO |   800/5815 verwerkt (0 fouten tot nu toe)
2026-09-25 14:49:08,317 | INFO |   1000/5815 verwerkt (0 fouten tot nu toe)
2026-09-25 14:49:08,450 | INFO |   1200/5815 verwerkt (0 fouten tot nu toe)
2026-09-25 14:49:08,583 | INFO |   1400/5815 verwerkt (0 fouten tot nu toe)
2026-09-25 14:49:08,702 | INFO |   1600/5815 verwerkt (0 fouten tot nu toe)
2026-09-25 14:49:08,828 | INFO |   1800/5815 verwerkt (0 fouten tot nu toe)
2026-09-25 14:49:08,955 | INFO |   2000/5815 verwerkt (0 fouten tot nu toe)
2026-09-25 14:49:09,101 | INFO |   2200/5815 verwerkt (0 fouten tot nu toe)
2026-09-25 14:49:09,227 | INFO |   2400/5815 verwerkt (0 fouten tot nu toe)
2026-09-25 14:49:09,354 | INFO |   2600/5815 verwerkt (0 fouten tot nu toe)
2026-09-25 14:49:09,488 | INFO |   2800/5815 verwerkt (0 fouten tot nu toe)
2026-09-25 14:49:09,640 | INFO |   3000/5815 verwerkt (0 fouten tot nu toe)
2026-09-25 14:49:09,765 | INFO |   3200/5815 verwerkt (0 fouten tot nu toe)
2026-09-25 14:49:09,892 | INFO |   3400/5815 verwerkt (0 fouten tot nu toe)
2026-09-25 14:49:10,028 | INFO |   3600/5815 verwerkt (0 fouten tot nu toe)
2026-09-25 14:49:10,166 | INFO |   3800/5815 verwerkt (0 fouten tot nu toe)
2026-09-25 14:49:10,300 | INFO |   4000/5815 verwerkt (0 fouten tot nu toe)
2026-09-25 14:49:10,420 | INFO |   4200/5815 verwerkt (0 fouten tot nu toe)
2026-09-25 14:49:10,565 | INFO |   4400/5815 verwerkt (0 fouten tot nu toe)
2026-09-25 14:49:10,697 | INFO |   4600/5815 verwerkt (0 fouten tot nu toe)
2026-09-25 14:49:10,837 | INFO |   4800/5815 verwerkt (0 fouten tot nu toe)
2026-09-25 14:49:10,983 | INFO |   5000/5815 verwerkt (0 fouten tot nu toe)
2026-09-25 14:49:11,131 | INFO |   5200/5815 verwerkt (0 fouten tot nu toe)
2026-09-25 14:49:11,245 | INFO |   5400/5815 verwerkt (0 fouten tot nu toe)
2026-09-25 14:49:11,370 | INFO |   5600/5815 verwerkt (0 fouten tot nu toe)
2026-09-25 14:49:11,491 | INFO |   5800/5815 verwerkt (0 fouten tot nu toe)
2026-09-25 14:49:11,531 | INFO | Ophalen klaar: 5815 documenten, 0 fouten (0.00%)
