2026-09-25 16:27:18,738 | INFO | Configuratie geladen, peildatum=2026-10-01
2026-09-25 16:27:18,738 | INFO | Logbestand: /Users/bramvanwersch/Projects/wmo_scraper/logs/run_20260925_162718.log
2026-09-25 16:27:18,738 | INFO | Stap 4 (ophalen) gestart
2026-09-25 16:27:19,222 | INFO |   200/5880 verwerkt (0 fouten tot nu toe)
2026-09-25 16:27:19,324 | INFO |   400/5880 verwerkt (0 fouten tot nu toe)
2026-09-25 16:27:19,458 | INFO |   600/5880 verwerkt (0 fouten tot nu toe)
2026-09-25 16:27:19,581 | INFO |   800/5880 verwerkt (0 fouten tot nu toe)
2026-09-25 16:27:19,720 | INFO |   1000/5880 verwerkt (0 fouten tot nu toe)
2026-09-25 16:27:19,851 | INFO |   1200/5880 verwerkt (0 fouten tot nu toe)
2026-09-25 16:27:19,983 | INFO |   1400/5880 verwerkt (0 fouten tot nu toe)
2026-09-25 16:27:20,098 | INFO |   1600/5880 verwerkt (0 fouten tot nu toe)
2026-09-25 16:27:20,221 | INFO |   1800/5880 verwerkt (0 fouten tot nu toe)
2026-09-25 16:27:20,351 | INFO |   2000/5880 verwerkt (0 fouten tot nu toe)
2026-09-25 16:27:20,499 | INFO |   2200/5880 verwerkt (0 fouten tot nu toe)
2026-09-25 16:27:20,628 | INFO |   2400/5880 verwerkt (0 fouten tot nu toe)
2026-09-25 16:27:20,752 | INFO |   2600/5880 verwerkt (0 fouten tot nu toe)
2026-09-25 16:27:20,883 | INFO |   2800/5880 verwerkt (0 fouten tot nu toe)
2026-09-25 16:27:21,057 | INFO |   3000/5880 verwerkt (0 fouten tot nu toe)
2026-09-25 16:27:21,179 | INFO |   3200/5880 verwerkt (0 fouten tot nu toe)
2026-09-25 16:27:21,302 | INFO |   3400/5880 verwerkt (0 fouten tot nu toe)
2026-09-25 16:27:21,442 | INFO |   3600/5880 verwerkt (0 fouten tot nu toe)
2026-09-25 16:27:21,597 | INFO |   3800/5880 verwerkt (0 fouten tot nu toe)
2026-09-25 16:27:21,730 | INFO |   4000/5880 verwerkt (0 fouten tot nu toe)
2026-09-25 16:27:21,848 | INFO |   4200/5880 verwerkt (0 fouten tot nu toe)
2026-09-25 16:27:21,993 | INFO |   4400/5880 verwerkt (0 fouten tot nu toe)
2026-09-25 16:27:22,125 | INFO |   4600/5880 verwerkt (0 fouten tot nu toe)
2026-09-25 16:27:22,262 | INFO |   4800/5880 verwerkt (0 fouten tot nu toe)
2026-09-25 16:27:22,409 | INFO |   5000/5880 verwerkt (0 fouten tot nu toe)
2026-09-25 16:27:22,566 | INFO |   5200/5880 verwerkt (0 fouten tot nu toe)
2026-09-25 16:27:22,688 | INFO |   5400/5880 verwerkt (0 fouten tot nu toe)
2026-09-25 16:27:22,823 | INFO |   5600/5880 verwerkt (0 fouten tot nu toe)
2026-09-25 16:27:22,950 | INFO |   5800/5880 verwerkt (0 fouten tot nu toe)
2026-09-25 16:27:33,187 | INFO | Ophalen klaar: 5880 documenten, 0 fouten (0.00%)
